20:53:28 **** Incremental Build of configuration Debug for project demo_eclipse ****
make all 
'Building target: demo_eclipse.elf'
'Invoking: MCU G++ Linker'
arm-none-eabi-g++ -mcpu=cortex-m4 -mthumb -mfloat-abi=hard -mfpu=fpv4-sp-d16 -T"C:\git\Micromouse_2016\demo_eclipse\LinkerScript.ld" -Wl,-Map=output.map -Wl,--gc-sections -fno-exceptions -fno-rtti -lm -o "demo_eclipse.elf" @"objects.list"  
'Finished building target: demo_eclipse.elf'
' '
make --no-print-directory post-build
'Generating binary and Printing size information:'
arm-none-eabi-objcopy -O binary "demo_eclipse.elf" "demo_eclipse.bin"
arm-none-eabi-size "demo_eclipse.elf"
   text	   data	    bss	    dec	    hex	filename
  17064	   1108	   1264	  19436	   4bec	demo_eclipse.elf
' '

20:53:32 Build Finished (took 3s.609ms)

